// Jest Snapshot v1, https://goo.gl/fbAQLP

exports[`callout renders 1`] = `
<DocumentFragment>
  .emotion-0 {
  box-sizing: border-box;
  margin: 0;
  min-width: 0;
}

.emotion-1 {
  box-sizing: border-box;
  margin: 0;
  min-width: 0;
  display: -webkit-box;
  display: -webkit-flex;
  display: -ms-flexbox;
  display: flex;
}

.emotion-3 {
  box-sizing: border-box;
  margin: 0;
  min-width: 0;
  margin-bottom: 16px;
  margin-right: 128px;
  font-size: 24px;
  line-height: regular;
}

.emotion-4 {
  box-sizing: border-box;
  margin: 0;
  min-width: 0;
  font-size: 20px;
  line-height: spaced;
  margin-bottom: 4px;
  overflow-wrap: break-word;
}

.emotion-4 p {
  font-size: 20px;
  line-height: spaced;
  margin-bottom: 4px;
  overflow-wrap: break-word;
}

<div
    class="emotion-0"
  >
    <div
      class="emotion-1"
    >
      <div
        class="emotion-0"
      >
        <span
          class="emotion-3"
        >
          Adding users to LaunchDarkly
        </span>
        <span
          class="emotion-4"
        >
          You do not have to send users to LaunchDarkly in advance. 
          <a
            href="example.com"
          >
            Check out this page
          </a>
          . You can target them with feature flags have LaunchDarkly accounts of their own. Users appear in the dashboard automatically after they encounter feature flags.
        </span>
      </div>
      <div>
        Icon: checkbox-marked-circle
      </div>
    </div>
  </div>
</DocumentFragment>
`;
